// Jest Snapshot v1, https://goo.gl/fbAQLP

exports[`Faq render faq component correctly 1`] = `
{
  "asFragment": [Function],
  "baseElement": <body>
    <div>
      <p
        class="text-sm font-normal text-[#1f1f1f] !text-[#667085]"
      >
        Pertanyaan - pertanyaan yang sering diajukan terkait Program Indonesia Pintar
      </p>
      <div
        class="flex flex-col gap-5"
      >
        <div
          class="relative flex h-11 items-center gap-3 rounded-xl border border-[#D0D5DD] bg-white px-4"
        >
          <svg
            class="tabler-icon tabler-icon-search shrink-0"
            fill="none"
            height="20"
            stroke="#667085"
            stroke-linecap="round"
            stroke-linejoin="round"
            stroke-width="2"
            viewBox="0 0 24 24"
            width="20"
            xmlns="http://www.w3.org/2000/svg"
          >
            <path
              d="M10 10m-7 0a7 7 0 1 0 14 0a7 7 0 1 0 -14 0"
            />
            <path
              d="M21 21l-6 -6"
            />
          </svg>
          <input
            class="w-full text-sm font-normal text-[#1F1F1F] outline-none placeholder:text-[#667085]"
            placeholder="Cari pertanyaan"
            type="text"
            value=""
          />
        </div>
      </div>
      <div
        class="flex flex-col gap-2"
      >
        <div
          class="flex flex-col gap-4 rounded-2xl border border-[#EAECF0] bg-white px-4 py-6 !gap-0 !p-0"
        >
          <button
            class="flex items-center gap-[18px] p-4"
            type="button"
          >
            <p
              class="font-semibold text-[#1f1f1f] w-full text-start text-base"
            >
              Apakah Program Indonesia Pintar (PIP) Dikdasmen itu?
            </p>
            <svg
              class="tabler-icon tabler-icon-chevron-down shrink-0  duration-300"
              fill="none"
              height="24"
              stroke="#667085"
              stroke-linecap="round"
              stroke-linejoin="round"
              stroke-width="2"
              viewBox="0 0 24 24"
              width="24"
              xmlns="http://www.w3.org/2000/svg"
            >
              <path
                d="M6 9l6 6l6 -6"
              />
            </svg>
          </button>
          <div
            class="px-4 pb-4 text-sm font-normal text-[#1f1f1f] hidden "
          >
            Program bantuan pemerintah dalam hal pendidikan berupa uang tunai, perluasan akses, dan kesempatan belajar. Bantuan diberikan secara personal kepada peserta didik usia 6 sampai 21 tahun yang berasal dari keluarga miskin atau rentan miskin.
          </div>
        </div>
        <div
          class="flex flex-col gap-4 rounded-2xl border border-[#EAECF0] bg-white px-4 py-6 !gap-0 !p-0"
        >
          <button
            class="flex items-center gap-[18px] p-4"
            type="button"
          >
            <p
              class="font-semibold text-[#1f1f1f] w-full text-start text-base"
            >
              Apa Tujuan PIP Dikdasmen?
            </p>
            <svg
              class="tabler-icon tabler-icon-chevron-down shrink-0  duration-300"
              fill="none"
              height="24"
              stroke="#667085"
              stroke-linecap="round"
              stroke-linejoin="round"
              stroke-width="2"
              viewBox="0 0 24 24"
              width="24"
              xmlns="http://www.w3.org/2000/svg"
            >
              <path
                d="M6 9l6 6l6 -6"
              />
            </svg>
          </button>
          <div
            class="px-4 pb-4 text-sm font-normal text-[#1f1f1f] hidden "
          >
            
    
            <ul
              style="list-style-type: disc"
            >
              
      
              <li
                style="margin-left: 16px;"
              >
                Membantu biaya personal pendidikan peserta didik.
              </li>
              
      
              <li
                style="margin-left: 16px;"
              >
                Memperluas akses peserta didik untuk mendapatkan layanan pendidikan sampai tamat SMA/SMK/MA sederajat sebagai pelaksanaan wajib belajar 12 tahun.
              </li>
              
      
              <li
                style="margin-left: 16px;"
              >
                Mencegah kemungkinan peserta didik putus sekolah dan tidak melanjutkan pendidikan akibat kesulitan ekonomi.
              </li>
              
      
              <li
                style="margin-left: 16px;"
              >
                Menarik peserta didik yang putus sekolah atau tidak melanjutkan pendidikan untuk kembali mendapatkan akses pendidikan di sekolah formal, non-formal, atau informal.
              </li>
              
    
            </ul>
            
    
          </div>
        </div>
        <div
          class="flex flex-col gap-4 rounded-2xl border border-[#EAECF0] bg-white px-4 py-6 !gap-0 !p-0"
        >
          <button
            class="flex items-center gap-[18px] p-4"
            type="button"
          >
            <p
              class="font-semibold text-[#1f1f1f] w-full text-start text-base"
            >
              Berapa besaran bantuan penerima PIP Dikdasmen?
            </p>
            <svg
              class="tabler-icon tabler-icon-chevron-down shrink-0  duration-300"
              fill="none"
              height="24"
              stroke="#667085"
              stroke-linecap="round"
              stroke-linejoin="round"
              stroke-width="2"
              viewBox="0 0 24 24"
              width="24"
              xmlns="http://www.w3.org/2000/svg"
            >
              <path
                d="M6 9l6 6l6 -6"
              />
            </svg>
          </button>
          <div
            class="px-4 pb-4 text-sm font-normal text-[#1f1f1f] hidden "
          >
            
    
            <ul
              style="list-style-type: disc"
            >
              
      
              <li
                style="margin-left: 16px;"
              >
                Peserta didik SD/SDLB/Paket A mendapatkan Rp450.000/tahun. Khusus siswa baru dan siswa kelas akhir mendapatkan Rp225.000/tahun.
              </li>
              
      
              <li
                style="margin-left: 16px;"
              >
                Peserta didik SMP/SMPLB/Paket B mendapatkan Rp750.000/tahun. Khusus siswa baru dan siswa kelas akhir mendapatkan Rp375.000/tahun.
              </li>
              
      
              <li
                style="margin-left: 16px;"
              >
                Peserta didik SMA/SMK/SMALB/Paket C mendapatkan Rp1.000.000/tahun. Khusus siswa baru dan siswa kelas akhir mendapatkan Rp500.000/tahun.
              </li>
              
    
            </ul>
            
    
          </div>
        </div>
        <div
          class="flex flex-col gap-4 rounded-2xl border border-[#EAECF0] bg-white px-4 py-6 !gap-0 !p-0"
        >
          <button
            class="flex items-center gap-[18px] p-4"
            type="button"
          >
            <p
              class="font-semibold text-[#1f1f1f] w-full text-start text-base"
            >
              Mengapa nominal bantuan untuk tingkatan kelas awal (1/7/10) dan kelas akhir (6/9/12/13) berbeda dengan kelas 2-5/8/11?
            </p>
            <svg
              class="tabler-icon tabler-icon-chevron-down shrink-0  duration-300"
              fill="none"
              height="24"
              stroke="#667085"
              stroke-linecap="round"
              stroke-linejoin="round"
              stroke-width="2"
              viewBox="0 0 24 24"
              width="24"
              xmlns="http://www.w3.org/2000/svg"
            >
              <path
                d="M6 9l6 6l6 -6"
              />
            </svg>
          </button>
          <div
            class="px-4 pb-4 text-sm font-normal text-[#1f1f1f] hidden "
          >
            Karena siswa kelas awal dan akhir hanya menjalani satu semester dalam satu tahun anggaran. Tahun ajaran dimulai pada bulan Juli-Juni tahun berikutnya, sedangkan tahun anggaran dimulai pada bulan Januari-Desember.
          </div>
        </div>
        <div
          class="flex flex-col gap-4 rounded-2xl border border-[#EAECF0] bg-white px-4 py-6 !gap-0 !p-0"
        >
          <button
            class="flex items-center gap-[18px] p-4"
            type="button"
          >
            <p
              class="font-semibold text-[#1f1f1f] w-full text-start text-base"
            >
              Bagaimana cara menjadi penerima PIP Dikdasmen?
            </p>
            <svg
              class="tabler-icon tabler-icon-chevron-down shrink-0  duration-300"
              fill="none"
              height="24"
              stroke="#667085"
              stroke-linecap="round"
              stroke-linejoin="round"
              stroke-width="2"
              viewBox="0 0 24 24"
              width="24"
              xmlns="http://www.w3.org/2000/svg"
            >
              <path
                d="M6 9l6 6l6 -6"
              />
            </svg>
          </button>
          <div
            class="px-4 pb-4 text-sm font-normal text-[#1f1f1f] hidden "
          >
            Cara pertama, peserta didik harus terdaftar pada Data Terpadu Kesejahteraan Sosial (DTKS) Kementerian Sosial dan ditandai Layak PIP dalam Data Pokok Pendidikan (Dapodik) Sekolah. Cara kedua, sekolah peserta didik menandai status Layak PIP di Dapodik. Kemudian Dinas Pendidikan dan pemangku kepentingan mengusulkan kepada Pusat Layanan Pembiayaan Pendidikan (Puslapdik) berdasarkan data Layak PIP tersebut.
          </div>
        </div>
        <div
          class="flex flex-col gap-4 rounded-2xl border border-[#EAECF0] bg-white px-4 py-6 !gap-0 !p-0"
        >
          <button
            class="flex items-center gap-[18px] p-4"
            type="button"
          >
            <p
              class="font-semibold text-[#1f1f1f] w-full text-start text-base"
            >
              Bagaimana cara peserta didik terdaftar pada DTKS Kemensos?
            </p>
            <svg
              class="tabler-icon tabler-icon-chevron-down shrink-0  duration-300"
              fill="none"
              height="24"
              stroke="#667085"
              stroke-linecap="round"
              stroke-linejoin="round"
              stroke-width="2"
              viewBox="0 0 24 24"
              width="24"
              xmlns="http://www.w3.org/2000/svg"
            >
              <path
                d="M6 9l6 6l6 -6"
              />
            </svg>
          </button>
          <div
            class="px-4 pb-4 text-sm font-normal text-[#1f1f1f] hidden "
          >
            Mengusulkan diri melalui Musyawarah Desa/Kelurahan atau berkoordinasi dengan dinas sosial setempat. Kunjungi situs 
            <a
              href="http://dtks.kemensos.go.id/"
              style="text-decoration: underline; color: blue;"
            >
              dtks.kemensos.go.id
            </a>
             untuk informasi lengkap tentang DTKS Kemensos.
          </div>
        </div>
        <div
          class="flex flex-col gap-4 rounded-2xl border border-[#EAECF0] bg-white px-4 py-6 !gap-0 !p-0"
        >
          <button
            class="flex items-center gap-[18px] p-4"
            type="button"
          >
            <p
              class="font-semibold text-[#1f1f1f] w-full text-start text-base"
            >
              Apa yang akan didapat penerima PIP?
            </p>
            <svg
              class="tabler-icon tabler-icon-chevron-down shrink-0  duration-300"
              fill="none"
              height="24"
              stroke="#667085"
              stroke-linecap="round"
              stroke-linejoin="round"
              stroke-width="2"
              viewBox="0 0 24 24"
              width="24"
              xmlns="http://www.w3.org/2000/svg"
            >
              <path
                d="M6 9l6 6l6 -6"
              />
            </svg>
          </button>
          <div
            class="px-4 pb-4 text-sm font-normal text-[#1f1f1f] hidden "
          >
            Selain biaya pendidikan, peserta didik akan mendapatkan buku tabungan Simpanan Pelajar (SimPel) dan kartu debit ATM.
          </div>
        </div>
        <div
          class="flex flex-col gap-4 rounded-2xl border border-[#EAECF0] bg-white px-4 py-6 !gap-0 !p-0"
        >
          <button
            class="flex items-center gap-[18px] p-4"
            type="button"
          >
            <p
              class="font-semibold text-[#1f1f1f] w-full text-start text-base"
            >
              Apa itu Kartu Indonesia Pintar (KIP)?
            </p>
            <svg
              class="tabler-icon tabler-icon-chevron-down shrink-0  duration-300"
              fill="none"
              height="24"
              stroke="#667085"
              stroke-linecap="round"
              stroke-linejoin="round"
              stroke-width="2"
              viewBox="0 0 24 24"
              width="24"
              xmlns="http://www.w3.org/2000/svg"
            >
              <path
                d="M6 9l6 6l6 -6"
              />
            </svg>
          </button>
          <div
            class="px-4 pb-4 text-sm font-normal text-[#1f1f1f] hidden "
          >
            Penanda atau identitas untuk mendapatkan Program Indonesia Pintar (PIP) yang diberikan kepada peserta didik hasil pemadanan Dapodik dengan DTKS. KIP sudah berbentuk digital dan dapat diperoleh melalui sekolah dengan mengakses aplikasi SIPINTAR.
          </div>
        </div>
        <div
          class="flex flex-col gap-4 rounded-2xl border border-[#EAECF0] bg-white px-4 py-6 !gap-0 !p-0"
        >
          <button
            class="flex items-center gap-[18px] p-4"
            type="button"
          >
            <p
              class="font-semibold text-[#1f1f1f] w-full text-start text-base"
            >
              Apa perbedaan KIP dengan PIP?
            </p>
            <svg
              class="tabler-icon tabler-icon-chevron-down shrink-0  duration-300"
              fill="none"
              height="24"
              stroke="#667085"
              stroke-linecap="round"
              stroke-linejoin="round"
              stroke-width="2"
              viewBox="0 0 24 24"
              width="24"
              xmlns="http://www.w3.org/2000/svg"
            >
              <path
                d="M6 9l6 6l6 -6"
              />
            </svg>
          </button>
          <div
            class="px-4 pb-4 text-sm font-normal text-[#1f1f1f] hidden "
          >
            KIP adalah sarana untuk mendapatkan PIP. Sebelum mendapatkan PIP, pemegang KIP harus mengusulkan diri ke DTKS agar datanya dapat dipadankan dengan Dapodik Sekolah. Tanpa KIP, peserta didik tidak dapat mencairkan bantuan PIP yang diberikan.
          </div>
        </div>
        <div
          class="flex flex-col gap-4 rounded-2xl border border-[#EAECF0] bg-white px-4 py-6 !gap-0 !p-0"
        >
          <button
            class="flex items-center gap-[18px] p-4"
            type="button"
          >
            <p
              class="font-semibold text-[#1f1f1f] w-full text-start text-base"
            >
              Apa saja persyaratan aktivasi rekening dan buku tabungan?
            </p>
            <svg
              class="tabler-icon tabler-icon-chevron-down shrink-0  duration-300"
              fill="none"
              height="24"
              stroke="#667085"
              stroke-linecap="round"
              stroke-linejoin="round"
              stroke-width="2"
              viewBox="0 0 24 24"
              width="24"
              xmlns="http://www.w3.org/2000/svg"
            >
              <path
                d="M6 9l6 6l6 -6"
              />
            </svg>
          </button>
          <div
            class="px-4 pb-4 text-sm font-normal text-[#1f1f1f] hidden "
          >
            
    
            <ul
              style="list-style-type: disc"
            >
              
      
              <li
                style="margin-left: 16px;"
              >
                Surat keterangan aktivasi rekening dari kepala sekolah.
              </li>
              
      
              <li
                style="margin-left: 16px;"
              >
                Fotokopi identitas penerima PIP.
              </li>
              
      
              <li
                style="margin-left: 16px;"
              >
                Formulir pembukaan atau aktivasi rekening SimPel dari bank penyalur.
              </li>
              
    
            </ul>
            
    
          </div>
        </div>
        <div
          class="flex flex-col gap-4 rounded-2xl border border-[#EAECF0] bg-white px-4 py-6 !gap-0 !p-0"
        >
          <button
            class="flex items-center gap-[18px] p-4"
            type="button"
          >
            <p
              class="font-semibold text-[#1f1f1f] w-full text-start text-base"
            >
              Apakah perlu aktivasi rekening lagi apabila sudah pernah aktivasi?
            </p>
            <svg
              class="tabler-icon tabler-icon-chevron-down shrink-0  duration-300"
              fill="none"
              height="24"
              stroke="#667085"
              stroke-linecap="round"
              stroke-linejoin="round"
              stroke-width="2"
              viewBox="0 0 24 24"
              width="24"
              xmlns="http://www.w3.org/2000/svg"
            >
              <path
                d="M6 9l6 6l6 -6"
              />
            </svg>
          </button>
          <div
            class="px-4 pb-4 text-sm font-normal text-[#1f1f1f] hidden "
          >
            Aktivasi rekening hanya ditujukan untuk peserta didik yang masuk ke dalam Surat Keputusan (SK) nominasi PIP. Jika nomor rekening pada SK pemberian PIP sama, maka tidak perlu aktivasi lagi.
          </div>
        </div>
        <div
          class="flex flex-col gap-4 rounded-2xl border border-[#EAECF0] bg-white px-4 py-6 !gap-0 !p-0"
        >
          <button
            class="flex items-center gap-[18px] p-4"
            type="button"
          >
            <p
              class="font-semibold text-[#1f1f1f] w-full text-start text-base"
            >
              Mengapa ada penerima PIP yang mendapat nomor rekening lagi, padahal sudah punya nomor rekening?
            </p>
            <svg
              class="tabler-icon tabler-icon-chevron-down shrink-0  duration-300"
              fill="none"
              height="24"
              stroke="#667085"
              stroke-linecap="round"
              stroke-linejoin="round"
              stroke-width="2"
              viewBox="0 0 24 24"
              width="24"
              xmlns="http://www.w3.org/2000/svg"
            >
              <path
                d="M6 9l6 6l6 -6"
              />
            </svg>
          </button>
          <div
            class="px-4 pb-4 text-sm font-normal text-[#1f1f1f] hidden "
          >
            
    
            <ul
              style="list-style-type: disc"
            >
              
      
              <li
                style="margin-left: 16px;"
              >
                Perubahan identitas di Dapodik atau DTKS.
              </li>
              
      
              <li
                style="margin-left: 16px;"
              >
                Rekening sudah tidak aktif.
              </li>
              
      
              <li
                style="margin-left: 16px;"
              >
                Kenaikan jenjang dari SMP/SMPLB/Paket B ke SMA/SMK/SMALB/Paket C.
              </li>
              
    
            </ul>
            
    
          </div>
        </div>
        <div
          class="flex flex-col gap-4 rounded-2xl border border-[#EAECF0] bg-white px-4 py-6 !gap-0 !p-0"
        >
          <button
            class="flex items-center gap-[18px] p-4"
            type="button"
          >
            <p
              class="font-semibold text-[#1f1f1f] w-full text-start text-base"
            >
              Mengapa saya hanya dapat buku tabungan saja?
            </p>
            <svg
              class="tabler-icon tabler-icon-chevron-down shrink-0  duration-300"
              fill="none"
              height="24"
              stroke="#667085"
              stroke-linecap="round"
              stroke-linejoin="round"
              stroke-width="2"
              viewBox="0 0 24 24"
              width="24"
              xmlns="http://www.w3.org/2000/svg"
            >
              <path
                d="M6 9l6 6l6 -6"
              />
            </svg>
          </button>
          <div
            class="px-4 pb-4 text-sm font-normal text-[#1f1f1f] hidden "
          >
            Kemungkinan kartu debit belum tersedia di cabang bank penyalur, silakan minta kepastian kapan kartu debit akan tersedia.
          </div>
        </div>
        <div
          class="flex flex-col gap-4 rounded-2xl border border-[#EAECF0] bg-white px-4 py-6 !gap-0 !p-0"
        >
          <button
            class="flex items-center gap-[18px] p-4"
            type="button"
          >
            <p
              class="font-semibold text-[#1f1f1f] w-full text-start text-base"
            >
              Apakah pemegang KIP akan otomatis mendapat bantuan PIP?
            </p>
            <svg
              class="tabler-icon tabler-icon-chevron-down shrink-0  duration-300"
              fill="none"
              height="24"
              stroke="#667085"
              stroke-linecap="round"
              stroke-linejoin="round"
              stroke-width="2"
              viewBox="0 0 24 24"
              width="24"
              xmlns="http://www.w3.org/2000/svg"
            >
              <path
                d="M6 9l6 6l6 -6"
              />
            </svg>
          </button>
          <div
            class="px-4 pb-4 text-sm font-normal text-[#1f1f1f] hidden "
          >
            Pemegang KIP akan diprioritaskan untuk dapat bantuan PIP jika peserta didik masih terdaftar pada DTKS dan ditandai layak PIP di Dapodik.
          </div>
        </div>
        <div
          class="flex flex-col gap-4 rounded-2xl border border-[#EAECF0] bg-white px-4 py-6 !gap-0 !p-0"
        >
          <button
            class="flex items-center gap-[18px] p-4"
            type="button"
          >
            <p
              class="font-semibold text-[#1f1f1f] w-full text-start text-base"
            >
              Apa saja kegunaan bantuan PIP?
            </p>
            <svg
              class="tabler-icon tabler-icon-chevron-down shrink-0  duration-300"
              fill="none"
              height="24"
              stroke="#667085"
              stroke-linecap="round"
              stroke-linejoin="round"
              stroke-width="2"
              viewBox="0 0 24 24"
              width="24"
              xmlns="http://www.w3.org/2000/svg"
            >
              <path
                d="M6 9l6 6l6 -6"
              />
            </svg>
          </button>
          <div
            class="px-4 pb-4 text-sm font-normal text-[#1f1f1f] hidden "
          >
            
    
            <ul
              style="list-style-type: disc"
            >
              
      
              <li
                style="margin-left: 16px;"
              >
                Beli buku dan alat tulis.
              </li>
              
      
              <li
                style="margin-left: 16px;"
              >
                Beli seragam sekolah atau praktik.
              </li>
              
      
              <li
                style="margin-left: 16px;"
              >
                Beli perlengkapan sekolah seperti sepatu, tas, dan lainnya.
              </li>
              
      
              <li
                style="margin-left: 16px;"
              >
                Biaya transportasi ke sekolah.
              </li>
              
      
              <li
                style="margin-left: 16px;"
              >
                Uang saku sehari-hari peserta didik.
              </li>
              
      
              <li
                style="margin-left: 16px;"
              >
                Biaya kursus tambahan.
              </li>
              
      
              <li
                style="margin-left: 16px;"
              >
                Biaya praktik tambahan dan penempatan kerja.
              </li>
              
    
            </ul>
            
    
          </div>
        </div>
        <div
          class="flex flex-col gap-4 rounded-2xl border border-[#EAECF0] bg-white px-4 py-6 !gap-0 !p-0"
        >
          <button
            class="flex items-center gap-[18px] p-4"
            type="button"
          >
            <p
              class="font-semibold text-[#1f1f1f] w-full text-start text-base"
            >
              Mengapa pada tahun ini/jenjang baru/sekolah di Dikdasmen/Madrasah saya tidak dapat bantuan PIP lagi seperti sebelumnya?
            </p>
            <svg
              class="tabler-icon tabler-icon-chevron-down shrink-0  duration-300"
              fill="none"
              height="24"
              stroke="#667085"
              stroke-linecap="round"
              stroke-linejoin="round"
              stroke-width="2"
              viewBox="0 0 24 24"
              width="24"
              xmlns="http://www.w3.org/2000/svg"
            >
              <path
                d="M6 9l6 6l6 -6"
              />
            </svg>
          </button>
          <div
            class="px-4 pb-4 text-sm font-normal text-[#1f1f1f] hidden "
          >
            
    
            <ul
              style="list-style-type: disc"
            >
              
      
              <li
                style="margin-left: 16px;"
              >
                Kemungkinan Anda tidak terdaftar pada DTKS Kemensostidak saat pemadanan DTKS dengan Dapodik.
              </li>
              
      
              <li
                style="margin-left: 16px;"
              >
                Data Anda di Dapodik tidak lengkap atau tidak valid.
              </li>
              
      
              <li
                style="margin-left: 16px;"
              >
                Anda tidak ditandai layak PIP.
              </li>
              
      
              <li
                style="margin-left: 16px;"
              >
                Anda tidak diusulkan kembali oleh Dinas Pendidikan atau pemangku kepentingan.
              </li>
              
      
              <li
                style="margin-left: 16px;"
              >
                Kemungkinan lainnya seperti peserta didik putus sekolah, meninggal dunia, atau tidak diketahui keberadaannya, atau telah dilaporkan sebagai peserta didik dari keluarga mampu.
              </li>
              
    
            </ul>
            
    
          </div>
        </div>
        <div
          class="flex flex-col gap-4 rounded-2xl border border-[#EAECF0] bg-white px-4 py-6 !gap-0 !p-0"
        >
          <button
            class="flex items-center gap-[18px] p-4"
            type="button"
          >
            <p
              class="font-semibold text-[#1f1f1f] w-full text-start text-base"
            >
              Mengapa dana bantuan PIP belum cair?
            </p>
            <svg
              class="tabler-icon tabler-icon-chevron-down shrink-0  duration-300"
              fill="none"
              height="24"
              stroke="#667085"
              stroke-linecap="round"
              stroke-linejoin="round"
              stroke-width="2"
              viewBox="0 0 24 24"
              width="24"
              xmlns="http://www.w3.org/2000/svg"
            >
              <path
                d="M6 9l6 6l6 -6"
              />
            </svg>
          </button>
          <div
            class="px-4 pb-4 text-sm font-normal text-[#1f1f1f] hidden "
          >
            
    
            <ul
              style="list-style-type: disc"
            >
              
      
              <li
                style="margin-left: 16px;"
              >
                Kemungkinan Anda bukan sebagai penerima PIP pada tahun tersebut, silakan pastikan ke pihaknsekolah.
              </li>
              
      
              <li
                style="margin-left: 16px;"
              >
                Rekening berbeda, silakan pastikan ke pihak sekolah.
              </li>
              
      
              <li
                style="margin-left: 16px;"
              >
                Sudah melakukan penarikan dana sebelumnya, silakan cek riwayat rekening.
              </li>
              
      
              <li
                style="margin-left: 16px;"
              >
                Nama masih di dalam SK Nominasi PIP.
              </li>
              
      
              <li
                style="margin-left: 16px;"
              >
                Belum melakukan aktivasi rekening sehingga dana dikembalikan ke kas negara.
              </li>
              
    
            </ul>
            
    
          </div>
        </div>
        <div
          class="flex flex-col gap-4 rounded-2xl border border-[#EAECF0] bg-white px-4 py-6 !gap-0 !p-0"
        >
          <button
            class="flex items-center gap-[18px] p-4"
            type="button"
          >
            <p
              class="font-semibold text-[#1f1f1f] w-full text-start text-base"
            >
              Mengapa bank meminta kelengkapan berkas tambahan dan tidak sesuai untuk aktivasi rekening atau penarikan dana?
            </p>
            <svg
              class="tabler-icon tabler-icon-chevron-down shrink-0  duration-300"
              fill="none"
              height="24"
              stroke="#667085"
              stroke-linecap="round"
              stroke-linejoin="round"
              stroke-width="2"
              viewBox="0 0 24 24"
              width="24"
              xmlns="http://www.w3.org/2000/svg"
            >
              <path
                d="M6 9l6 6l6 -6"
              />
            </svg>
          </button>
          <div
            class="px-4 pb-4 text-sm font-normal text-[#1f1f1f] hidden "
          >
            Lakukan pengaduan ke Dinas Pendidikan setempat atau melalui laman 
            <a
              href="http://ult.kemdikbud.go.id/"
              style="text-decoration: underline; color: blue;"
            >
              ult.kemdikbud.go.id
            </a>
             dan laman 
            <a
              href="http://lapor.go.id/"
              style="text-decoration: underline; color: blue;"
            >
              lapor.go.id
            </a>
            .
          </div>
        </div>
        <div
          class="flex flex-col gap-4 rounded-2xl border border-[#EAECF0] bg-white px-4 py-6 !gap-0 !p-0"
        >
          <button
            class="flex items-center gap-[18px] p-4"
            type="button"
          >
            <p
              class="font-semibold text-[#1f1f1f] w-full text-start text-base"
            >
              Apakah ada pemotongan dana bantuan PIP?
            </p>
            <svg
              class="tabler-icon tabler-icon-chevron-down shrink-0  duration-300"
              fill="none"
              height="24"
              stroke="#667085"
              stroke-linecap="round"
              stroke-linejoin="round"
              stroke-width="2"
              viewBox="0 0 24 24"
              width="24"
              xmlns="http://www.w3.org/2000/svg"
            >
              <path
                d="M6 9l6 6l6 -6"
              />
            </svg>
          </button>
          <div
            class="px-4 pb-4 text-sm font-normal text-[#1f1f1f] hidden "
          >
            Tidak ada pemotongan, penerima PIP memperoleh dana sesuai dengan petunjuk teknis PIP.
          </div>
        </div>
        <div
          class="flex flex-col gap-4 rounded-2xl border border-[#EAECF0] bg-white px-4 py-6 !gap-0 !p-0"
        >
          <button
            class="flex items-center gap-[18px] p-4"
            type="button"
          >
            <p
              class="font-semibold text-[#1f1f1f] w-full text-start text-base"
            >
              Bagaimana jika sudah lulus sekolah, tetapi baru mendapatkan informasi sebagai penerima PIP?
            </p>
            <svg
              class="tabler-icon tabler-icon-chevron-down shrink-0  duration-300"
              fill="none"
              height="24"
              stroke="#667085"
              stroke-linecap="round"
              stroke-linejoin="round"
              stroke-width="2"
              viewBox="0 0 24 24"
              width="24"
              xmlns="http://www.w3.org/2000/svg"
            >
              <path
                d="M6 9l6 6l6 -6"
              />
            </svg>
          </button>
          <div
            class="px-4 pb-4 text-sm font-normal text-[#1f1f1f] hidden "
          >
            Koordinasikan dengan sekolah. Jika peserta didik masuk dalam SK Nominasi dan belum melewati batas waktu, maka aktivasi rekening SimPel bisa dilakukan. Sementara itu, peserta didik yang masuk dalam SK Pemberian PIP dapat melakukan penarikan dana melalui buku tabungan SimPel atau kartu debit ATM.
          </div>
        </div>
        <div
          class="flex flex-col gap-4 rounded-2xl border border-[#EAECF0] bg-white px-4 py-6 !gap-0 !p-0"
        >
          <button
            class="flex items-center gap-[18px] p-4"
            type="button"
          >
            <p
              class="font-semibold text-[#1f1f1f] w-full text-start text-base"
            >
              Apakah buku tabungan (SimPel) dapat digunakan untuk menabung juga?
            </p>
            <svg
              class="tabler-icon tabler-icon-chevron-down shrink-0  duration-300"
              fill="none"
              height="24"
              stroke="#667085"
              stroke-linecap="round"
              stroke-linejoin="round"
              stroke-width="2"
              viewBox="0 0 24 24"
              width="24"
              xmlns="http://www.w3.org/2000/svg"
            >
              <path
                d="M6 9l6 6l6 -6"
              />
            </svg>
          </button>
          <div
            class="px-4 pb-4 text-sm font-normal text-[#1f1f1f] hidden "
          >
            Buku tabungan dan rekening SimPel mempunyai fungsi yang sama dengan buku tabungan lainnya, sehingga dapat digunakan untuk menabung juga.
          </div>
        </div>
        <div
          class="flex flex-col gap-4 rounded-2xl border border-[#EAECF0] bg-white px-4 py-6 !gap-0 !p-0"
        >
          <button
            class="flex items-center gap-[18px] p-4"
            type="button"
          >
            <p
              class="font-semibold text-[#1f1f1f] w-full text-start text-base"
            >
              Apakah saya masih tetap mendapatkan bantuan PIP jika pindah domisili/sekolah?
            </p>
            <svg
              class="tabler-icon tabler-icon-chevron-down shrink-0  duration-300"
              fill="none"
              height="24"
              stroke="#667085"
              stroke-linecap="round"
              stroke-linejoin="round"
              stroke-width="2"
              viewBox="0 0 24 24"
              width="24"
              xmlns="http://www.w3.org/2000/svg"
            >
              <path
                d="M6 9l6 6l6 -6"
              />
            </svg>
          </button>
          <div
            class="px-4 pb-4 text-sm font-normal text-[#1f1f1f] hidden "
          >
            Bantuan PIP tidak dibatasi pada lokasi atau domisili, tetapi mengacu pada Dapodik yang dipadankan dengan DTKS atau diusulkan oleh Dinas Pendidikan dan pemangku kepentingan berdasarkan Dapodik.
          </div>
        </div>
        <div
          class="flex flex-col gap-4 rounded-2xl border border-[#EAECF0] bg-white px-4 py-6 !gap-0 !p-0"
        >
          <button
            class="flex items-center gap-[18px] p-4"
            type="button"
          >
            <p
              class="font-semibold text-[#1f1f1f] w-full text-start text-base"
            >
              Bagaimana cara mengecek jika terpilih sebagai penerima bantuan PIP?
            </p>
            <svg
              class="tabler-icon tabler-icon-chevron-down shrink-0  duration-300"
              fill="none"
              height="24"
              stroke="#667085"
              stroke-linecap="round"
              stroke-linejoin="round"
              stroke-width="2"
              viewBox="0 0 24 24"
              width="24"
              xmlns="http://www.w3.org/2000/svg"
            >
              <path
                d="M6 9l6 6l6 -6"
              />
            </svg>
          </button>
          <div
            class="px-4 pb-4 text-sm font-normal text-[#1f1f1f] hidden "
          >
            Cek pada laman SIPINTAR, Portal Layanan Publik, atau tanyakan ke pihak sekolah.
          </div>
        </div>
        <div
          class="flex flex-col gap-4 rounded-2xl border border-[#EAECF0] bg-white px-4 py-6 !gap-0 !p-0"
        >
          <button
            class="flex items-center gap-[18px] p-4"
            type="button"
          >
            <p
              class="font-semibold text-[#1f1f1f] w-full text-start text-base"
            >
              Mengapa waktu pencairan berbeda padahal satu sekolah?
            </p>
            <svg
              class="tabler-icon tabler-icon-chevron-down shrink-0  duration-300"
              fill="none"
              height="24"
              stroke="#667085"
              stroke-linecap="round"
              stroke-linejoin="round"
              stroke-width="2"
              viewBox="0 0 24 24"
              width="24"
              xmlns="http://www.w3.org/2000/svg"
            >
              <path
                d="M6 9l6 6l6 -6"
              />
            </svg>
          </button>
          <div
            class="px-4 pb-4 text-sm font-normal text-[#1f1f1f] hidden "
          >
            Penyaluran dilakukan beberapa tahap sesuai dengan tahap penyaluran dan sumber data pengusulan.
          </div>
        </div>
        <div
          class="flex flex-col gap-4 rounded-2xl border border-[#EAECF0] bg-white px-4 py-6 !gap-0 !p-0"
        >
          <button
            class="flex items-center gap-[18px] p-4"
            type="button"
          >
            <p
              class="font-semibold text-[#1f1f1f] w-full text-start text-base"
            >
              Apakah dapat mencairkan dana bantuan PIP di bank penyalur cabang lain atau di luar wilayah tempat tinggal?
            </p>
            <svg
              class="tabler-icon tabler-icon-chevron-down shrink-0  duration-300"
              fill="none"
              height="24"
              stroke="#667085"
              stroke-linecap="round"
              stroke-linejoin="round"
              stroke-width="2"
              viewBox="0 0 24 24"
              width="24"
              xmlns="http://www.w3.org/2000/svg"
            >
              <path
                d="M6 9l6 6l6 -6"
              />
            </svg>
          </button>
          <div
            class="px-4 pb-4 text-sm font-normal text-[#1f1f1f] hidden "
          >
            Penerima PIP dapat melakukan aktivasi rekening dan pencairan di seluruh cabang bank penyalur.
          </div>
        </div>
        <div
          class="flex flex-col gap-4 rounded-2xl border border-[#EAECF0] bg-white px-4 py-6 !gap-0 !p-0"
        >
          <button
            class="flex items-center gap-[18px] p-4"
            type="button"
          >
            <p
              class="font-semibold text-[#1f1f1f] w-full text-start text-base"
            >
              Apakah otomatis mendapatkan bantuan PIP jika sudah terdaftar pada DTKS atau diusulkan Dinas Pendidikan?
            </p>
            <svg
              class="tabler-icon tabler-icon-chevron-down shrink-0  duration-300"
              fill="none"
              height="24"
              stroke="#667085"
              stroke-linecap="round"
              stroke-linejoin="round"
              stroke-width="2"
              viewBox="0 0 24 24"
              width="24"
              xmlns="http://www.w3.org/2000/svg"
            >
              <path
                d="M6 9l6 6l6 -6"
              />
            </svg>
          </button>
          <div
            class="px-4 pb-4 text-sm font-normal text-[#1f1f1f] hidden "
          >
            Tidak otomatis mendapatkan bantuan PIP. Karena setiap program mempunyai syarat dan mekanisme sendiri yang ditentukan oleh penyelenggara program.
          </div>
        </div>
      </div>
    </div>
  </body>,
  "container": <div>
    <p
      class="text-sm font-normal text-[#1f1f1f] !text-[#667085]"
    >
      Pertanyaan - pertanyaan yang sering diajukan terkait Program Indonesia Pintar
    </p>
    <div
      class="flex flex-col gap-5"
    >
      <div
        class="relative flex h-11 items-center gap-3 rounded-xl border border-[#D0D5DD] bg-white px-4"
      >
        <svg
          class="tabler-icon tabler-icon-search shrink-0"
          fill="none"
          height="20"
          stroke="#667085"
          stroke-linecap="round"
          stroke-linejoin="round"
          stroke-width="2"
          viewBox="0 0 24 24"
          width="20"
          xmlns="http://www.w3.org/2000/svg"
        >
          <path
            d="M10 10m-7 0a7 7 0 1 0 14 0a7 7 0 1 0 -14 0"
          />
          <path
            d="M21 21l-6 -6"
          />
        </svg>
        <input
          class="w-full text-sm font-normal text-[#1F1F1F] outline-none placeholder:text-[#667085]"
          placeholder="Cari pertanyaan"
          type="text"
          value=""
        />
      </div>
    </div>
    <div
      class="flex flex-col gap-2"
    >
      <div
        class="flex flex-col gap-4 rounded-2xl border border-[#EAECF0] bg-white px-4 py-6 !gap-0 !p-0"
      >
        <button
          class="flex items-center gap-[18px] p-4"
          type="button"
        >
          <p
            class="font-semibold text-[#1f1f1f] w-full text-start text-base"
          >
            Apakah Program Indonesia Pintar (PIP) Dikdasmen itu?
          </p>
          <svg
            class="tabler-icon tabler-icon-chevron-down shrink-0  duration-300"
            fill="none"
            height="24"
            stroke="#667085"
            stroke-linecap="round"
            stroke-linejoin="round"
            stroke-width="2"
            viewBox="0 0 24 24"
            width="24"
            xmlns="http://www.w3.org/2000/svg"
          >
            <path
              d="M6 9l6 6l6 -6"
            />
          </svg>
        </button>
        <div
          class="px-4 pb-4 text-sm font-normal text-[#1f1f1f] hidden "
        >
          Program bantuan pemerintah dalam hal pendidikan berupa uang tunai, perluasan akses, dan kesempatan belajar. Bantuan diberikan secara personal kepada peserta didik usia 6 sampai 21 tahun yang berasal dari keluarga miskin atau rentan miskin.
        </div>
      </div>
      <div
        class="flex flex-col gap-4 rounded-2xl border border-[#EAECF0] bg-white px-4 py-6 !gap-0 !p-0"
      >
        <button
          class="flex items-center gap-[18px] p-4"
          type="button"
        >
          <p
            class="font-semibold text-[#1f1f1f] w-full text-start text-base"
          >
            Apa Tujuan PIP Dikdasmen?
          </p>
          <svg
            class="tabler-icon tabler-icon-chevron-down shrink-0  duration-300"
            fill="none"
            height="24"
            stroke="#667085"
            stroke-linecap="round"
            stroke-linejoin="round"
            stroke-width="2"
            viewBox="0 0 24 24"
            width="24"
            xmlns="http://www.w3.org/2000/svg"
          >
            <path
              d="M6 9l6 6l6 -6"
            />
          </svg>
        </button>
        <div
          class="px-4 pb-4 text-sm font-normal text-[#1f1f1f] hidden "
        >
          
    
          <ul
            style="list-style-type: disc"
          >
            
      
            <li
              style="margin-left: 16px;"
            >
              Membantu biaya personal pendidikan peserta didik.
            </li>
            
      
            <li
              style="margin-left: 16px;"
            >
              Memperluas akses peserta didik untuk mendapatkan layanan pendidikan sampai tamat SMA/SMK/MA sederajat sebagai pelaksanaan wajib belajar 12 tahun.
            </li>
            
      
            <li
              style="margin-left: 16px;"
            >
              Mencegah kemungkinan peserta didik putus sekolah dan tidak melanjutkan pendidikan akibat kesulitan ekonomi.
            </li>
            
      
            <li
              style="margin-left: 16px;"
            >
              Menarik peserta didik yang putus sekolah atau tidak melanjutkan pendidikan untuk kembali mendapatkan akses pendidikan di sekolah formal, non-formal, atau informal.
            </li>
            
    
          </ul>
          
    
        </div>
      </div>
      <div
        class="flex flex-col gap-4 rounded-2xl border border-[#EAECF0] bg-white px-4 py-6 !gap-0 !p-0"
      >
        <button
          class="flex items-center gap-[18px] p-4"
          type="button"
        >
          <p
            class="font-semibold text-[#1f1f1f] w-full text-start text-base"
          >
            Berapa besaran bantuan penerima PIP Dikdasmen?
          </p>
          <svg
            class="tabler-icon tabler-icon-chevron-down shrink-0  duration-300"
            fill="none"
            height="24"
            stroke="#667085"
            stroke-linecap="round"
            stroke-linejoin="round"
            stroke-width="2"
            viewBox="0 0 24 24"
            width="24"
            xmlns="http://www.w3.org/2000/svg"
          >
            <path
              d="M6 9l6 6l6 -6"
            />
          </svg>
        </button>
        <div
          class="px-4 pb-4 text-sm font-normal text-[#1f1f1f] hidden "
        >
          
    
          <ul
            style="list-style-type: disc"
          >
            
      
            <li
              style="margin-left: 16px;"
            >
              Peserta didik SD/SDLB/Paket A mendapatkan Rp450.000/tahun. Khusus siswa baru dan siswa kelas akhir mendapatkan Rp225.000/tahun.
            </li>
            
      
            <li
              style="margin-left: 16px;"
            >
              Peserta didik SMP/SMPLB/Paket B mendapatkan Rp750.000/tahun. Khusus siswa baru dan siswa kelas akhir mendapatkan Rp375.000/tahun.
            </li>
            
      
            <li
              style="margin-left: 16px;"
            >
              Peserta didik SMA/SMK/SMALB/Paket C mendapatkan Rp1.000.000/tahun. Khusus siswa baru dan siswa kelas akhir mendapatkan Rp500.000/tahun.
            </li>
            
    
          </ul>
          
    
        </div>
      </div>
      <div
        class="flex flex-col gap-4 rounded-2xl border border-[#EAECF0] bg-white px-4 py-6 !gap-0 !p-0"
      >
        <button
          class="flex items-center gap-[18px] p-4"
          type="button"
        >
          <p
            class="font-semibold text-[#1f1f1f] w-full text-start text-base"
          >
            Mengapa nominal bantuan untuk tingkatan kelas awal (1/7/10) dan kelas akhir (6/9/12/13) berbeda dengan kelas 2-5/8/11?
          </p>
          <svg
            class="tabler-icon tabler-icon-chevron-down shrink-0  duration-300"
            fill="none"
            height="24"
            stroke="#667085"
            stroke-linecap="round"
            stroke-linejoin="round"
            stroke-width="2"
            viewBox="0 0 24 24"
            width="24"
            xmlns="http://www.w3.org/2000/svg"
          >
            <path
              d="M6 9l6 6l6 -6"
            />
          </svg>
        </button>
        <div
          class="px-4 pb-4 text-sm font-normal text-[#1f1f1f] hidden "
        >
          Karena siswa kelas awal dan akhir hanya menjalani satu semester dalam satu tahun anggaran. Tahun ajaran dimulai pada bulan Juli-Juni tahun berikutnya, sedangkan tahun anggaran dimulai pada bulan Januari-Desember.
        </div>
      </div>
      <div
        class="flex flex-col gap-4 rounded-2xl border border-[#EAECF0] bg-white px-4 py-6 !gap-0 !p-0"
      >
        <button
          class="flex items-center gap-[18px] p-4"
          type="button"
        >
          <p
            class="font-semibold text-[#1f1f1f] w-full text-start text-base"
          >
            Bagaimana cara menjadi penerima PIP Dikdasmen?
          </p>
          <svg
            class="tabler-icon tabler-icon-chevron-down shrink-0  duration-300"
            fill="none"
            height="24"
            stroke="#667085"
            stroke-linecap="round"
            stroke-linejoin="round"
            stroke-width="2"
            viewBox="0 0 24 24"
            width="24"
            xmlns="http://www.w3.org/2000/svg"
          >
            <path
              d="M6 9l6 6l6 -6"
            />
          </svg>
        </button>
        <div
          class="px-4 pb-4 text-sm font-normal text-[#1f1f1f] hidden "
        >
          Cara pertama, peserta didik harus terdaftar pada Data Terpadu Kesejahteraan Sosial (DTKS) Kementerian Sosial dan ditandai Layak PIP dalam Data Pokok Pendidikan (Dapodik) Sekolah. Cara kedua, sekolah peserta didik menandai status Layak PIP di Dapodik. Kemudian Dinas Pendidikan dan pemangku kepentingan mengusulkan kepada Pusat Layanan Pembiayaan Pendidikan (Puslapdik) berdasarkan data Layak PIP tersebut.
        </div>
      </div>
      <div
        class="flex flex-col gap-4 rounded-2xl border border-[#EAECF0] bg-white px-4 py-6 !gap-0 !p-0"
      >
        <button
          class="flex items-center gap-[18px] p-4"
          type="button"
        >
          <p
            class="font-semibold text-[#1f1f1f] w-full text-start text-base"
          >
            Bagaimana cara peserta didik terdaftar pada DTKS Kemensos?
          </p>
          <svg
            class="tabler-icon tabler-icon-chevron-down shrink-0  duration-300"
            fill="none"
            height="24"
            stroke="#667085"
            stroke-linecap="round"
            stroke-linejoin="round"
            stroke-width="2"
            viewBox="0 0 24 24"
            width="24"
            xmlns="http://www.w3.org/2000/svg"
          >
            <path
              d="M6 9l6 6l6 -6"
            />
          </svg>
        </button>
        <div
          class="px-4 pb-4 text-sm font-normal text-[#1f1f1f] hidden "
        >
          Mengusulkan diri melalui Musyawarah Desa/Kelurahan atau berkoordinasi dengan dinas sosial setempat. Kunjungi situs 
          <a
            href="http://dtks.kemensos.go.id/"
            style="text-decoration: underline; color: blue;"
          >
            dtks.kemensos.go.id
          </a>
           untuk informasi lengkap tentang DTKS Kemensos.
        </div>
      </div>
      <div
        class="flex flex-col gap-4 rounded-2xl border border-[#EAECF0] bg-white px-4 py-6 !gap-0 !p-0"
      >
        <button
          class="flex items-center gap-[18px] p-4"
          type="button"
        >
          <p
            class="font-semibold text-[#1f1f1f] w-full text-start text-base"
          >
            Apa yang akan didapat penerima PIP?
          </p>
          <svg
            class="tabler-icon tabler-icon-chevron-down shrink-0  duration-300"
            fill="none"
            height="24"
            stroke="#667085"
            stroke-linecap="round"
            stroke-linejoin="round"
            stroke-width="2"
            viewBox="0 0 24 24"
            width="24"
            xmlns="http://www.w3.org/2000/svg"
          >
            <path
              d="M6 9l6 6l6 -6"
            />
          </svg>
        </button>
        <div
          class="px-4 pb-4 text-sm font-normal text-[#1f1f1f] hidden "
        >
          Selain biaya pendidikan, peserta didik akan mendapatkan buku tabungan Simpanan Pelajar (SimPel) dan kartu debit ATM.
        </div>
      </div>
      <div
        class="flex flex-col gap-4 rounded-2xl border border-[#EAECF0] bg-white px-4 py-6 !gap-0 !p-0"
      >
        <button
          class="flex items-center gap-[18px] p-4"
          type="button"
        >
          <p
            class="font-semibold text-[#1f1f1f] w-full text-start text-base"
          >
            Apa itu Kartu Indonesia Pintar (KIP)?
          </p>
          <svg
            class="tabler-icon tabler-icon-chevron-down shrink-0  duration-300"
            fill="none"
            height="24"
            stroke="#667085"
            stroke-linecap="round"
            stroke-linejoin="round"
            stroke-width="2"
            viewBox="0 0 24 24"
            width="24"
            xmlns="http://www.w3.org/2000/svg"
          >
            <path
              d="M6 9l6 6l6 -6"
            />
          </svg>
        </button>
        <div
          class="px-4 pb-4 text-sm font-normal text-[#1f1f1f] hidden "
        >
          Penanda atau identitas untuk mendapatkan Program Indonesia Pintar (PIP) yang diberikan kepada peserta didik hasil pemadanan Dapodik dengan DTKS. KIP sudah berbentuk digital dan dapat diperoleh melalui sekolah dengan mengakses aplikasi SIPINTAR.
        </div>
      </div>
      <div
        class="flex flex-col gap-4 rounded-2xl border border-[#EAECF0] bg-white px-4 py-6 !gap-0 !p-0"
      >
        <button
          class="flex items-center gap-[18px] p-4"
          type="button"
        >
          <p
            class="font-semibold text-[#1f1f1f] w-full text-start text-base"
          >
            Apa perbedaan KIP dengan PIP?
          </p>
          <svg
            class="tabler-icon tabler-icon-chevron-down shrink-0  duration-300"
            fill="none"
            height="24"
            stroke="#667085"
            stroke-linecap="round"
            stroke-linejoin="round"
            stroke-width="2"
            viewBox="0 0 24 24"
            width="24"
            xmlns="http://www.w3.org/2000/svg"
          >
            <path
              d="M6 9l6 6l6 -6"
            />
          </svg>
        </button>
        <div
          class="px-4 pb-4 text-sm font-normal text-[#1f1f1f] hidden "
        >
          KIP adalah sarana untuk mendapatkan PIP. Sebelum mendapatkan PIP, pemegang KIP harus mengusulkan diri ke DTKS agar datanya dapat dipadankan dengan Dapodik Sekolah. Tanpa KIP, peserta didik tidak dapat mencairkan bantuan PIP yang diberikan.
        </div>
      </div>
      <div
        class="flex flex-col gap-4 rounded-2xl border border-[#EAECF0] bg-white px-4 py-6 !gap-0 !p-0"
      >
        <button
          class="flex items-center gap-[18px] p-4"
          type="button"
        >
          <p
            class="font-semibold text-[#1f1f1f] w-full text-start text-base"
          >
            Apa saja persyaratan aktivasi rekening dan buku tabungan?
          </p>
          <svg
            class="tabler-icon tabler-icon-chevron-down shrink-0  duration-300"
            fill="none"
            height="24"
            stroke="#667085"
            stroke-linecap="round"
            stroke-linejoin="round"
            stroke-width="2"
            viewBox="0 0 24 24"
            width="24"
            xmlns="http://www.w3.org/2000/svg"
          >
            <path
              d="M6 9l6 6l6 -6"
            />
          </svg>
        </button>
        <div
          class="px-4 pb-4 text-sm font-normal text-[#1f1f1f] hidden "
        >
          
    
          <ul
            style="list-style-type: disc"
          >
            
      
            <li
              style="margin-left: 16px;"
            >
              Surat keterangan aktivasi rekening dari kepala sekolah.
            </li>
            
      
            <li
              style="margin-left: 16px;"
            >
              Fotokopi identitas penerima PIP.
            </li>
            
      
            <li
              style="margin-left: 16px;"
            >
              Formulir pembukaan atau aktivasi rekening SimPel dari bank penyalur.
            </li>
            
    
          </ul>
          
    
        </div>
      </div>
      <div
        class="flex flex-col gap-4 rounded-2xl border border-[#EAECF0] bg-white px-4 py-6 !gap-0 !p-0"
      >
        <button
          class="flex items-center gap-[18px] p-4"
          type="button"
        >
          <p
            class="font-semibold text-[#1f1f1f] w-full text-start text-base"
          >
            Apakah perlu aktivasi rekening lagi apabila sudah pernah aktivasi?
          </p>
          <svg
            class="tabler-icon tabler-icon-chevron-down shrink-0  duration-300"
            fill="none"
            height="24"
            stroke="#667085"
            stroke-linecap="round"
            stroke-linejoin="round"
            stroke-width="2"
            viewBox="0 0 24 24"
            width="24"
            xmlns="http://www.w3.org/2000/svg"
          >
            <path
              d="M6 9l6 6l6 -6"
            />
          </svg>
        </button>
        <div
          class="px-4 pb-4 text-sm font-normal text-[#1f1f1f] hidden "
        >
          Aktivasi rekening hanya ditujukan untuk peserta didik yang masuk ke dalam Surat Keputusan (SK) nominasi PIP. Jika nomor rekening pada SK pemberian PIP sama, maka tidak perlu aktivasi lagi.
        </div>
      </div>
      <div
        class="flex flex-col gap-4 rounded-2xl border border-[#EAECF0] bg-white px-4 py-6 !gap-0 !p-0"
      >
        <button
          class="flex items-center gap-[18px] p-4"
          type="button"
        >
          <p
            class="font-semibold text-[#1f1f1f] w-full text-start text-base"
          >
            Mengapa ada penerima PIP yang mendapat nomor rekening lagi, padahal sudah punya nomor rekening?
          </p>
          <svg
            class="tabler-icon tabler-icon-chevron-down shrink-0  duration-300"
            fill="none"
            height="24"
            stroke="#667085"
            stroke-linecap="round"
            stroke-linejoin="round"
            stroke-width="2"
            viewBox="0 0 24 24"
            width="24"
            xmlns="http://www.w3.org/2000/svg"
          >
            <path
              d="M6 9l6 6l6 -6"
            />
          </svg>
        </button>
        <div
          class="px-4 pb-4 text-sm font-normal text-[#1f1f1f] hidden "
        >
          
    
          <ul
            style="list-style-type: disc"
          >
            
      
            <li
              style="margin-left: 16px;"
            >
              Perubahan identitas di Dapodik atau DTKS.
            </li>
            
      
            <li
              style="margin-left: 16px;"
            >
              Rekening sudah tidak aktif.
            </li>
            
      
            <li
              style="margin-left: 16px;"
            >
              Kenaikan jenjang dari SMP/SMPLB/Paket B ke SMA/SMK/SMALB/Paket C.
            </li>
            
    
          </ul>
          
    
        </div>
      </div>
      <div
        class="flex flex-col gap-4 rounded-2xl border border-[#EAECF0] bg-white px-4 py-6 !gap-0 !p-0"
      >
        <button
          class="flex items-center gap-[18px] p-4"
          type="button"
        >
          <p
            class="font-semibold text-[#1f1f1f] w-full text-start text-base"
          >
            Mengapa saya hanya dapat buku tabungan saja?
          </p>
          <svg
            class="tabler-icon tabler-icon-chevron-down shrink-0  duration-300"
            fill="none"
            height="24"
            stroke="#667085"
            stroke-linecap="round"
            stroke-linejoin="round"
            stroke-width="2"
            viewBox="0 0 24 24"
            width="24"
            xmlns="http://www.w3.org/2000/svg"
          >
            <path
              d="M6 9l6 6l6 -6"
            />
          </svg>
        </button>
        <div
          class="px-4 pb-4 text-sm font-normal text-[#1f1f1f] hidden "
        >
          Kemungkinan kartu debit belum tersedia di cabang bank penyalur, silakan minta kepastian kapan kartu debit akan tersedia.
        </div>
      </div>
      <div
        class="flex flex-col gap-4 rounded-2xl border border-[#EAECF0] bg-white px-4 py-6 !gap-0 !p-0"
      >
        <button
          class="flex items-center gap-[18px] p-4"
          type="button"
        >
          <p
            class="font-semibold text-[#1f1f1f] w-full text-start text-base"
          >
            Apakah pemegang KIP akan otomatis mendapat bantuan PIP?
          </p>
          <svg
            class="tabler-icon tabler-icon-chevron-down shrink-0  duration-300"
            fill="none"
            height="24"
            stroke="#667085"
            stroke-linecap="round"
            stroke-linejoin="round"
            stroke-width="2"
            viewBox="0 0 24 24"
            width="24"
            xmlns="http://www.w3.org/2000/svg"
          >
            <path
              d="M6 9l6 6l6 -6"
            />
          </svg>
        </button>
        <div
          class="px-4 pb-4 text-sm font-normal text-[#1f1f1f] hidden "
        >
          Pemegang KIP akan diprioritaskan untuk dapat bantuan PIP jika peserta didik masih terdaftar pada DTKS dan ditandai layak PIP di Dapodik.
        </div>
      </div>
      <div
        class="flex flex-col gap-4 rounded-2xl border border-[#EAECF0] bg-white px-4 py-6 !gap-0 !p-0"
      >
        <button
          class="flex items-center gap-[18px] p-4"
          type="button"
        >
          <p
            class="font-semibold text-[#1f1f1f] w-full text-start text-base"
          >
            Apa saja kegunaan bantuan PIP?
          </p>
          <svg
            class="tabler-icon tabler-icon-chevron-down shrink-0  duration-300"
            fill="none"
            height="24"
            stroke="#667085"
            stroke-linecap="round"
            stroke-linejoin="round"
            stroke-width="2"
            viewBox="0 0 24 24"
            width="24"
            xmlns="http://www.w3.org/2000/svg"
          >
            <path
              d="M6 9l6 6l6 -6"
            />
          </svg>
        </button>
        <div
          class="px-4 pb-4 text-sm font-normal text-[#1f1f1f] hidden "
        >
          
    
          <ul
            style="list-style-type: disc"
          >
            
      
            <li
              style="margin-left: 16px;"
            >
              Beli buku dan alat tulis.
            </li>
            
      
            <li
              style="margin-left: 16px;"
            >
              Beli seragam sekolah atau praktik.
            </li>
            
      
            <li
              style="margin-left: 16px;"
            >
              Beli perlengkapan sekolah seperti sepatu, tas, dan lainnya.
            </li>
            
      
            <li
              style="margin-left: 16px;"
            >
              Biaya transportasi ke sekolah.
            </li>
            
      
            <li
              style="margin-left: 16px;"
            >
              Uang saku sehari-hari peserta didik.
            </li>
            
      
            <li
              style="margin-left: 16px;"
            >
              Biaya kursus tambahan.
            </li>
            
      
            <li
              style="margin-left: 16px;"
            >
              Biaya praktik tambahan dan penempatan kerja.
            </li>
            
    
          </ul>
          
    
        </div>
      </div>
      <div
        class="flex flex-col gap-4 rounded-2xl border border-[#EAECF0] bg-white px-4 py-6 !gap-0 !p-0"
      >
        <button
          class="flex items-center gap-[18px] p-4"
          type="button"
        >
          <p
            class="font-semibold text-[#1f1f1f] w-full text-start text-base"
          >
            Mengapa pada tahun ini/jenjang baru/sekolah di Dikdasmen/Madrasah saya tidak dapat bantuan PIP lagi seperti sebelumnya?
          </p>
          <svg
            class="tabler-icon tabler-icon-chevron-down shrink-0  duration-300"
            fill="none"
            height="24"
            stroke="#667085"
            stroke-linecap="round"
            stroke-linejoin="round"
            stroke-width="2"
            viewBox="0 0 24 24"
            width="24"
            xmlns="http://www.w3.org/2000/svg"
          >
            <path
              d="M6 9l6 6l6 -6"
            />
          </svg>
        </button>
        <div
          class="px-4 pb-4 text-sm font-normal text-[#1f1f1f] hidden "
        >
          
    
          <ul
            style="list-style-type: disc"
          >
            
      
            <li
              style="margin-left: 16px;"
            >
              Kemungkinan Anda tidak terdaftar pada DTKS Kemensostidak saat pemadanan DTKS dengan Dapodik.
            </li>
            
      
            <li
              style="margin-left: 16px;"
            >
              Data Anda di Dapodik tidak lengkap atau tidak valid.
            </li>
            
      
            <li
              style="margin-left: 16px;"
            >
              Anda tidak ditandai layak PIP.
            </li>
            
      
            <li
              style="margin-left: 16px;"
            >
              Anda tidak diusulkan kembali oleh Dinas Pendidikan atau pemangku kepentingan.
            </li>
            
      
            <li
              style="margin-left: 16px;"
            >
              Kemungkinan lainnya seperti peserta didik putus sekolah, meninggal dunia, atau tidak diketahui keberadaannya, atau telah dilaporkan sebagai peserta didik dari keluarga mampu.
            </li>
            
    
          </ul>
          
    
        </div>
      </div>
      <div
        class="flex flex-col gap-4 rounded-2xl border border-[#EAECF0] bg-white px-4 py-6 !gap-0 !p-0"
      >
        <button
          class="flex items-center gap-[18px] p-4"
          type="button"
        >
          <p
            class="font-semibold text-[#1f1f1f] w-full text-start text-base"
          >
            Mengapa dana bantuan PIP belum cair?
          </p>
          <svg
            class="tabler-icon tabler-icon-chevron-down shrink-0  duration-300"
            fill="none"
            height="24"
            stroke="#667085"
            stroke-linecap="round"
            stroke-linejoin="round"
            stroke-width="2"
            viewBox="0 0 24 24"
            width="24"
            xmlns="http://www.w3.org/2000/svg"
          >
            <path
              d="M6 9l6 6l6 -6"
            />
          </svg>
        </button>
        <div
          class="px-4 pb-4 text-sm font-normal text-[#1f1f1f] hidden "
        >
          
    
          <ul
            style="list-style-type: disc"
          >
            
      
            <li
              style="margin-left: 16px;"
            >
              Kemungkinan Anda bukan sebagai penerima PIP pada tahun tersebut, silakan pastikan ke pihaknsekolah.
            </li>
            
      
            <li
              style="margin-left: 16px;"
            >
              Rekening berbeda, silakan pastikan ke pihak sekolah.
            </li>
            
      
            <li
              style="margin-left: 16px;"
            >
              Sudah melakukan penarikan dana sebelumnya, silakan cek riwayat rekening.
            </li>
            
      
            <li
              style="margin-left: 16px;"
            >
              Nama masih di dalam SK Nominasi PIP.
            </li>
            
      
            <li
              style="margin-left: 16px;"
            >
              Belum melakukan aktivasi rekening sehingga dana dikembalikan ke kas negara.
            </li>
            
    
          </ul>
          
    
        </div>
      </div>
      <div
        class="flex flex-col gap-4 rounded-2xl border border-[#EAECF0] bg-white px-4 py-6 !gap-0 !p-0"
      >
        <button
          class="flex items-center gap-[18px] p-4"
          type="button"
        >
          <p
            class="font-semibold text-[#1f1f1f] w-full text-start text-base"
          >
            Mengapa bank meminta kelengkapan berkas tambahan dan tidak sesuai untuk aktivasi rekening atau penarikan dana?
          </p>
          <svg
            class="tabler-icon tabler-icon-chevron-down shrink-0  duration-300"
            fill="none"
            height="24"
            stroke="#667085"
            stroke-linecap="round"
            stroke-linejoin="round"
            stroke-width="2"
            viewBox="0 0 24 24"
            width="24"
            xmlns="http://www.w3.org/2000/svg"
          >
            <path
              d="M6 9l6 6l6 -6"
            />
          </svg>
        </button>
        <div
          class="px-4 pb-4 text-sm font-normal text-[#1f1f1f] hidden "
        >
          Lakukan pengaduan ke Dinas Pendidikan setempat atau melalui laman 
          <a
            href="http://ult.kemdikbud.go.id/"
            style="text-decoration: underline; color: blue;"
          >
            ult.kemdikbud.go.id
          </a>
           dan laman 
          <a
            href="http://lapor.go.id/"
            style="text-decoration: underline; color: blue;"
          >
            lapor.go.id
          </a>
          .
        </div>
      </div>
      <div
        class="flex flex-col gap-4 rounded-2xl border border-[#EAECF0] bg-white px-4 py-6 !gap-0 !p-0"
      >
        <button
          class="flex items-center gap-[18px] p-4"
          type="button"
        >
          <p
            class="font-semibold text-[#1f1f1f] w-full text-start text-base"
          >
            Apakah ada pemotongan dana bantuan PIP?
          </p>
          <svg
            class="tabler-icon tabler-icon-chevron-down shrink-0  duration-300"
            fill="none"
            height="24"
            stroke="#667085"
            stroke-linecap="round"
            stroke-linejoin="round"
            stroke-width="2"
            viewBox="0 0 24 24"
            width="24"
            xmlns="http://www.w3.org/2000/svg"
          >
            <path
              d="M6 9l6 6l6 -6"
            />
          </svg>
        </button>
        <div
          class="px-4 pb-4 text-sm font-normal text-[#1f1f1f] hidden "
        >
          Tidak ada pemotongan, penerima PIP memperoleh dana sesuai dengan petunjuk teknis PIP.
        </div>
      </div>
      <div
        class="flex flex-col gap-4 rounded-2xl border border-[#EAECF0] bg-white px-4 py-6 !gap-0 !p-0"
      >
        <button
          class="flex items-center gap-[18px] p-4"
          type="button"
        >
          <p
            class="font-semibold text-[#1f1f1f] w-full text-start text-base"
          >
            Bagaimana jika sudah lulus sekolah, tetapi baru mendapatkan informasi sebagai penerima PIP?
          </p>
          <svg
            class="tabler-icon tabler-icon-chevron-down shrink-0  duration-300"
            fill="none"
            height="24"
            stroke="#667085"
            stroke-linecap="round"
            stroke-linejoin="round"
            stroke-width="2"
            viewBox="0 0 24 24"
            width="24"
            xmlns="http://www.w3.org/2000/svg"
          >
            <path
              d="M6 9l6 6l6 -6"
            />
          </svg>
        </button>
        <div
          class="px-4 pb-4 text-sm font-normal text-[#1f1f1f] hidden "
        >
          Koordinasikan dengan sekolah. Jika peserta didik masuk dalam SK Nominasi dan belum melewati batas waktu, maka aktivasi rekening SimPel bisa dilakukan. Sementara itu, peserta didik yang masuk dalam SK Pemberian PIP dapat melakukan penarikan dana melalui buku tabungan SimPel atau kartu debit ATM.
        </div>
      </div>
      <div
        class="flex flex-col gap-4 rounded-2xl border border-[#EAECF0] bg-white px-4 py-6 !gap-0 !p-0"
      >
        <button
          class="flex items-center gap-[18px] p-4"
          type="button"
        >
          <p
            class="font-semibold text-[#1f1f1f] w-full text-start text-base"
          >
            Apakah buku tabungan (SimPel) dapat digunakan untuk menabung juga?
          </p>
          <svg
            class="tabler-icon tabler-icon-chevron-down shrink-0  duration-300"
            fill="none"
            height="24"
            stroke="#667085"
            stroke-linecap="round"
            stroke-linejoin="round"
            stroke-width="2"
            viewBox="0 0 24 24"
            width="24"
            xmlns="http://www.w3.org/2000/svg"
          >
            <path
              d="M6 9l6 6l6 -6"
            />
          </svg>
        </button>
        <div
          class="px-4 pb-4 text-sm font-normal text-[#1f1f1f] hidden "
        >
          Buku tabungan dan rekening SimPel mempunyai fungsi yang sama dengan buku tabungan lainnya, sehingga dapat digunakan untuk menabung juga.
        </div>
      </div>
      <div
        class="flex flex-col gap-4 rounded-2xl border border-[#EAECF0] bg-white px-4 py-6 !gap-0 !p-0"
      >
        <button
          class="flex items-center gap-[18px] p-4"
          type="button"
        >
          <p
            class="font-semibold text-[#1f1f1f] w-full text-start text-base"
          >
            Apakah saya masih tetap mendapatkan bantuan PIP jika pindah domisili/sekolah?
          </p>
          <svg
            class="tabler-icon tabler-icon-chevron-down shrink-0  duration-300"
            fill="none"
            height="24"
            stroke="#667085"
            stroke-linecap="round"
            stroke-linejoin="round"
            stroke-width="2"
            viewBox="0 0 24 24"
            width="24"
            xmlns="http://www.w3.org/2000/svg"
          >
            <path
              d="M6 9l6 6l6 -6"
            />
          </svg>
        </button>
        <div
          class="px-4 pb-4 text-sm font-normal text-[#1f1f1f] hidden "
        >
          Bantuan PIP tidak dibatasi pada lokasi atau domisili, tetapi mengacu pada Dapodik yang dipadankan dengan DTKS atau diusulkan oleh Dinas Pendidikan dan pemangku kepentingan berdasarkan Dapodik.
        </div>
      </div>
      <div
        class="flex flex-col gap-4 rounded-2xl border border-[#EAECF0] bg-white px-4 py-6 !gap-0 !p-0"
      >
        <button
          class="flex items-center gap-[18px] p-4"
          type="button"
        >
          <p
            class="font-semibold text-[#1f1f1f] w-full text-start text-base"
          >
            Bagaimana cara mengecek jika terpilih sebagai penerima bantuan PIP?
          </p>
          <svg
            class="tabler-icon tabler-icon-chevron-down shrink-0  duration-300"
            fill="none"
            height="24"
            stroke="#667085"
            stroke-linecap="round"
            stroke-linejoin="round"
            stroke-width="2"
            viewBox="0 0 24 24"
            width="24"
            xmlns="http://www.w3.org/2000/svg"
          >
            <path
              d="M6 9l6 6l6 -6"
            />
          </svg>
        </button>
        <div
          class="px-4 pb-4 text-sm font-normal text-[#1f1f1f] hidden "
        >
          Cek pada laman SIPINTAR, Portal Layanan Publik, atau tanyakan ke pihak sekolah.
        </div>
      </div>
      <div
        class="flex flex-col gap-4 rounded-2xl border border-[#EAECF0] bg-white px-4 py-6 !gap-0 !p-0"
      >
        <button
          class="flex items-center gap-[18px] p-4"
          type="button"
        >
          <p
            class="font-semibold text-[#1f1f1f] w-full text-start text-base"
          >
            Mengapa waktu pencairan berbeda padahal satu sekolah?
          </p>
          <svg
            class="tabler-icon tabler-icon-chevron-down shrink-0  duration-300"
            fill="none"
            height="24"
            stroke="#667085"
            stroke-linecap="round"
            stroke-linejoin="round"
            stroke-width="2"
            viewBox="0 0 24 24"
            width="24"
            xmlns="http://www.w3.org/2000/svg"
          >
            <path
              d="M6 9l6 6l6 -6"
            />
          </svg>
        </button>
        <div
          class="px-4 pb-4 text-sm font-normal text-[#1f1f1f] hidden "
        >
          Penyaluran dilakukan beberapa tahap sesuai dengan tahap penyaluran dan sumber data pengusulan.
        </div>
      </div>
      <div
        class="flex flex-col gap-4 rounded-2xl border border-[#EAECF0] bg-white px-4 py-6 !gap-0 !p-0"
      >
        <button
          class="flex items-center gap-[18px] p-4"
          type="button"
        >
          <p
            class="font-semibold text-[#1f1f1f] w-full text-start text-base"
          >
            Apakah dapat mencairkan dana bantuan PIP di bank penyalur cabang lain atau di luar wilayah tempat tinggal?
          </p>
          <svg
            class="tabler-icon tabler-icon-chevron-down shrink-0  duration-300"
            fill="none"
            height="24"
            stroke="#667085"
            stroke-linecap="round"
            stroke-linejoin="round"
            stroke-width="2"
            viewBox="0 0 24 24"
            width="24"
            xmlns="http://www.w3.org/2000/svg"
          >
            <path
              d="M6 9l6 6l6 -6"
            />
          </svg>
        </button>
        <div
          class="px-4 pb-4 text-sm font-normal text-[#1f1f1f] hidden "
        >
          Penerima PIP dapat melakukan aktivasi rekening dan pencairan di seluruh cabang bank penyalur.
        </div>
      </div>
      <div
        class="flex flex-col gap-4 rounded-2xl border border-[#EAECF0] bg-white px-4 py-6 !gap-0 !p-0"
      >
        <button
          class="flex items-center gap-[18px] p-4"
          type="button"
        >
          <p
            class="font-semibold text-[#1f1f1f] w-full text-start text-base"
          >
            Apakah otomatis mendapatkan bantuan PIP jika sudah terdaftar pada DTKS atau diusulkan Dinas Pendidikan?
          </p>
          <svg
            class="tabler-icon tabler-icon-chevron-down shrink-0  duration-300"
            fill="none"
            height="24"
            stroke="#667085"
            stroke-linecap="round"
            stroke-linejoin="round"
            stroke-width="2"
            viewBox="0 0 24 24"
            width="24"
            xmlns="http://www.w3.org/2000/svg"
          >
            <path
              d="M6 9l6 6l6 -6"
            />
          </svg>
        </button>
        <div
          class="px-4 pb-4 text-sm font-normal text-[#1f1f1f] hidden "
        >
          Tidak otomatis mendapatkan bantuan PIP. Karena setiap program mempunyai syarat dan mekanisme sendiri yang ditentukan oleh penyelenggara program.
        </div>
      </div>
    </div>
  </div>,
  "debug": [Function],
  "findAllByAltText": [Function],
  "findAllByDisplayValue": [Function],
  "findAllByLabelText": [Function],
  "findAllByPlaceholderText": [Function],
  "findAllByRole": [Function],
  "findAllByTestId": [Function],
  "findAllByText": [Function],
  "findAllByTitle": [Function],
  "findByAltText": [Function],
  "findByDisplayValue": [Function],
  "findByLabelText": [Function],
  "findByPlaceholderText": [Function],
  "findByRole": [Function],
  "findByTestId": [Function],
  "findByText": [Function],
  "findByTitle": [Function],
  "getAllByAltText": [Function],
  "getAllByDisplayValue": [Function],
  "getAllByLabelText": [Function],
  "getAllByPlaceholderText": [Function],
  "getAllByRole": [Function],
  "getAllByTestId": [Function],
  "getAllByText": [Function],
  "getAllByTitle": [Function],
  "getByAltText": [Function],
  "getByDisplayValue": [Function],
  "getByLabelText": [Function],
  "getByPlaceholderText": [Function],
  "getByRole": [Function],
  "getByTestId": [Function],
  "getByText": [Function],
  "getByTitle": [Function],
  "queryAllByAltText": [Function],
  "queryAllByDisplayValue": [Function],
  "queryAllByLabelText": [Function],
  "queryAllByPlaceholderText": [Function],
  "queryAllByRole": [Function],
  "queryAllByTestId": [Function],
  "queryAllByText": [Function],
  "queryAllByTitle": [Function],
  "queryByAltText": [Function],
  "queryByDisplayValue": [Function],
  "queryByLabelText": [Function],
  "queryByPlaceholderText": [Function],
  "queryByRole": [Function],
  "queryByTestId": [Function],
  "queryByText": [Function],
  "queryByTitle": [Function],
  "rerender": [Function],
  "unmount": [Function],
}
`;
